../Core/Src/main.c:91:5:main	8	static
../Core/Src/main.c:176:6:SystemClock_Config	72	static
../Core/Src/main.c:216:13:MX_TIM2_Init	56	static
../Core/Src/main.c:265:13:MX_TIM3_Init	48	static
../Core/Src/main.c:314:13:MX_USART2_UART_Init	8	static
../Core/Src/main.c:345:13:MX_DMA_Init	16	static
../Core/Src/main.c:363:13:MX_GPIO_Init	40	static
../Core/Src/main.c:409:6:StartBlink01	72	static
../Core/Src/main.c:431:6:StartMotorTask	32	static
../Core/Src/main.c:472:6:Error_Handler	4	static,ignoring_inline_asm
